###############################################################################
#
# IAR ELF Linker V8.11.3.13950/W32 for ARM                09/Nov/2020  12:09:19
# Copyright 2007-2017 IAR Systems AB.
#
#    Output file  =  C:\Course\CSE 474\lab3\Task1a\Debug\Exe\task1_a.out
#    Map file     =  C:\Course\CSE 474\lab3\Task1a\Debug\List\task1_a.map
#    Command line =  
#        -f C:\Users\rocky\AppData\Local\Temp\EWAA6E.tmp ("C:\Course\CSE
#        474\lab3\Task1a\Debug\Obj\cstartup_M.o" "C:\Course\CSE
#        474\lab3\Task1a\Debug\Obj\Lab3_Inits.o" "C:\Course\CSE
#        474\lab3\Task1a\Debug\Obj\Lab3_Task1a.o" -o "C:\Course\CSE
#        474\lab3\Task1a\Debug\Exe\task1_a.out" --map "C:\Course\CSE
#        474\lab3\Task1a\Debug\List\task1_a.map" --config "C:\Program Files
#        (x86)\IAR Systems\Embedded Workbench
#        8.0\arm\config\linker\TexasInstruments\TM4C1292NC.icf" --semihosting
#        --entry __iar_program_start --vfe --text_out locale)
#
###############################################################################

*******************************************************************************
*** RUNTIME MODEL ATTRIBUTES
***

CppFlavor       = *
__SystemLibrary = DLib
__dlib_version  = 6


*******************************************************************************
*** HEAP SELECTION
***

The basic heap was selected because some modules are built with
size limitations (and not runtime checking), and --advanced_heap
was not specified.


*******************************************************************************
*** PLACEMENT SUMMARY
***

"A0":  place at 0x00000000 { ro section .intvec };
"P1":  place in [from 0x00000000 to 0x000fffff] { ro };
define block CSTACK with size = 32K, alignment = 8 { };
define block HEAP with size = 64K, alignment = 8 { };
"P2":  place in [from 0x20000000 to 0x2003ffff] {
          rw, block CSTACK, block HEAP };

  Section   Kind        Address    Size  Object
  -------   ----        -------    ----  ------
"A0":                             0x208
  .intvec   const    0x00000000   0x208  cstartup_M.o [1]
                   - 0x00000208   0x208

"P1":                             0x2b0
  .text     ro code  0x00000208   0x1f6  Lab3_Inits.o [1]
  .text     ro code  0x000003fe    0x36  Lab3_Task1a.o [1]
  .text     ro code  0x00000434    0x22  fpinit_M.o [4]
  .text     ro code  0x00000456     0x2  cstartup_M.o [1]
  .text     ro code  0x00000458    0x1a  cmain.o [5]
  .text     ro code  0x00000472     0x4  low_level_init.o [3]
  .text     ro code  0x00000476     0x4  exit.o [3]
  .text     ro code  0x0000047a     0x2  cstartup_M.o [1]
  .text     ro code  0x0000047c     0xa  cexit.o [5]
  .text     ro code  0x00000486     0x2  cstartup_M.o [1]
  .text     ro code  0x00000488    0x14  exit.o [6]
  .text     ro code  0x0000049c    0x10  cstartup_M.o [1]
  .text     ro code  0x000004ac     0x2  cstartup_M.o [1]
  .text     ro code  0x000004ae     0x2  cstartup_M.o [1]
  .text     ro code  0x000004b0     0x2  cstartup_M.o [1]
  .text     ro code  0x000004b2     0x2  cstartup_M.o [1]
  .text     ro code  0x000004b4     0x2  cstartup_M.o [1]
  .text     ro code  0x000004b6     0x2  cstartup_M.o [1]
                   - 0x000004b8   0x2b0

"P2":                            0x8000
  CSTACK             0x20000000  0x8000  <Block>
    CSTACK  uninit   0x20000000  0x8000  <Block tail>
                   - 0x20008000  0x8000



*******************************************************************************
*** MODULE SUMMARY
***

    Module            ro code  ro data  rw data
    ------            -------  -------  -------
C:\Course\CSE 474\lab3\Task1a\Debug\Obj: [1]
    Lab3_Inits.o          502
    Lab3_Task1a.o          54
    cstartup_M.o           34      520
    -------------------------------------------
    Total:                590      520

command line: [2]
    -------------------------------------------
    Total:

dl7M_tln.a: [3]
    exit.o                  4
    low_level_init.o        4
    -------------------------------------------
    Total:                  8

m7M_tls.a: [4]
    fpinit_M.o             34
    -------------------------------------------
    Total:                 34

rt7M_tl.a: [5]
    cexit.o                10
    cmain.o                26
    -------------------------------------------
    Total:                 36

shb_l.a: [6]
    exit.o                 20
    -------------------------------------------
    Total:                 20

    Linker created                       32 768
-----------------------------------------------
    Grand Total:          688      520   32 768


*******************************************************************************
*** ENTRY LIST
***

Entry                      Address   Size  Type      Object
-----                      -------   ----  ----      ------
?main                   0x00000459         Code  Gb  cmain.o [5]
ADC0SS3_Handler         0x00000433    0x2  Code  Gb  Lab3_Task1a.o [1]
ADCReadPot_Init         0x000003a9   0x16  Code  Gb  Lab3_Inits.o [1]
CSTACK$$Base            0x20000000          --   Gb  - Linker created -
CSTACK$$Limit           0x20008000          --   Gb  - Linker created -
LED_Init                0x00000359   0x50  Code  Gb  Lab3_Inits.o [1]
PLL_Init                0x00000209  0x150  Code  Gb  Lab3_Inits.o [1]
Region$$Table$$Base     0x00000000          --   Gb  - Linker created -
Region$$Table$$Limit    0x00000000          --   Gb  - Linker created -
TimerADCTriger_Init     0x000003fd    0x2  Code  Gb  Lab3_Inits.o [1]
__cmain                 0x00000459         Code  Gb  cmain.o [5]
__exit                  0x00000489   0x14  Code  Gb  exit.o [6]
__iar_init_vfp          0x00000435         Code  Gb  fpinit_M.o [4]
__iar_program_start     0x0000049d   0x10  Code  Gb  cstartup_M.o [1]
__iar_systems$$module {Abs}
                        0x00000001         Data  Gb  command line/config [2]
__low_level_init        0x00000473    0x4  Code  Gb  low_level_init.o [3]
__vector_table          0x00000000  0x208  Data  Gb  cstartup_M.o [1]
_call_main              0x00000465         Code  Gb  cmain.o [5]
_exit                   0x0000047d         Code  Gb  cexit.o [5]
_main                   0x0000046f         Code  Gb  cmain.o [5]
exit                    0x00000477    0x4  Code  Gb  exit.o [3]
main                    0x000003ff   0x34  Code  Gb  Lab3_Task1a.o [1]


[1] = C:\Course\CSE 474\lab3\Task1a\Debug\Obj
[2] = command line
[3] = dl7M_tln.a
[4] = m7M_tls.a
[5] = rt7M_tl.a
[6] = shb_l.a

     688 bytes of readonly  code memory
     520 bytes of readonly  data memory
  32 768 bytes of readwrite data memory

Errors: none
Warnings: none
