###############################################################################
#
# IAR ELF Linker V8.11.3.13950/W32 for ARM                11/Oct/2020  17:21:07
# Copyright 2007-2017 IAR Systems AB.
#
#    Output file  =  C:\CSE 474\tutorial\Debug\Exe\tutorial.out
#    Map file     =  C:\CSE 474\tutorial\Debug\List\tutorial.map
#    Command line =  
#        -f C:\Users\STUDEN~1\AppData\Local\Temp\EW4869.tmp ("C:\CSE
#        474\tutorial\Debug\Obj\main.o" -o "C:\CSE
#        474\tutorial\Debug\Exe\tutorial.out" --redirect
#        _Printf=_PrintfFullNoMb --redirect _Scanf=_ScanfFullNoMb --map "C:\CSE
#        474\tutorial\Debug\List\tutorial.map" --config "C:\Program Files
#        (x86)\IAR Systems\Embedded Workbench
#        8.0\arm\config\linker\TexasInstruments\TM4C1294NC.icf" --semihosting
#        --entry __iar_program_start --vfe --text_out locale)
#
###############################################################################

*******************************************************************************
*** RUNTIME MODEL ATTRIBUTES
***

CppFlavor       = *
__SystemLibrary = DLib
__dlib_version  = 6


*******************************************************************************
*** HEAP SELECTION
***

The basic heap was selected because some modules are built with
size limitations (and not runtime checking), and --advanced_heap
was not specified.


*******************************************************************************
*** PLACEMENT SUMMARY
***

"A0":  place at 0x00000000 { ro section .intvec };
"P1":  place in [from 0x00000000 to 0x000fffff] { ro };
define block CSTACK with size = 32K, alignment = 8 { };
define block HEAP with size = 64K, alignment = 8 { };
"P2":  place in [from 0x20000000 to 0x2003ffff] {
          rw, block CSTACK, block HEAP };

  Section          Kind        Address    Size  Object
  -------          ----        -------    ----  ------
"A0":                                     0x40
  .intvec          ro code  0x00000000    0x40  vector_table_M.o [5]
                          - 0x00000040    0x40

"P1":                                    0x150
  .text            ro code  0x00000040    0x60  main.o [1]
  .text            ro code  0x000000a0    0x40  zero_init3.o [5]
  .text            ro code  0x000000e0    0x28  data_init.o [5]
  .text            ro code  0x00000108    0x22  fpinit_M.o [4]
  .iar.init_table  const    0x0000012c    0x10  - Linker created -
  .text            ro code  0x0000013c     0x2  vector_table_M.o [5]
  .text            ro code  0x00000140    0x1a  cmain.o [5]
  .text            ro code  0x0000015a     0x4  low_level_init.o [3]
  .text            ro code  0x0000015e     0x4  exit.o [3]
  .text            ro code  0x00000164     0xa  cexit.o [5]
  .text            ro code  0x00000170    0x14  exit.o [6]
  .text            ro code  0x00000184     0xc  cstartup_M.o [5]
  .rodata          const    0x00000190     0x0  zero_init3.o [5]
                          - 0x00000190   0x150

"P2", part 1 of 2:                         0x8
  .bss             zero     0x20000000     0x4  main.o [1]
  .bss             zero     0x20000004     0x4  main.o [1]
                          - 0x20000008     0x8

"P2", part 2 of 2:                      0x8000
  CSTACK                    0x20000008  0x8000  <Block>
    CSTACK         uninit   0x20000008  0x8000  <Block tail>
                          - 0x20008008  0x8000


*******************************************************************************
*** INIT TABLE
***

          Address     Size
          -------     ----
Zero (__iar_zero_init3)
    1 destination range, total size 0x8:
          0x20000000   0x8



*******************************************************************************
*** MODULE SUMMARY
***

    Module            ro code  ro data  rw data
    ------            -------  -------  -------
C:\CSE 474\tutorial\Debug\Obj: [1]
    main.o                 96                 8
    -------------------------------------------
    Total:                 96                 8

command line: [2]
    -------------------------------------------
    Total:

dl7M_tln.a: [3]
    exit.o                  4
    low_level_init.o        4
    -------------------------------------------
    Total:                  8

m7M_tls.a: [4]
    fpinit_M.o             34
    -------------------------------------------
    Total:                 34

rt7M_tl.a: [5]
    cexit.o                10
    cmain.o                26
    cstartup_M.o           12
    data_init.o            40
    vector_table_M.o       66
    zero_init3.o           64
    -------------------------------------------
    Total:                218

shb_l.a: [6]
    exit.o                 20
    -------------------------------------------
    Total:                 20

    Gaps                    6        2
    Linker created                  16   32 768
-----------------------------------------------
    Grand Total:          382       18   32 776


*******************************************************************************
*** ENTRY LIST
***

Entry                      Address  Size  Type      Object
-----                      -------  ----  ----      ------
.iar.init_table$$Base   0x0000012c         --   Gb  - Linker created -
.iar.init_table$$Limit  0x0000013c         --   Gb  - Linker created -
?main                   0x00000141        Code  Gb  cmain.o [5]
CSTACK$$Base            0x20000008         --   Gb  - Linker created -
CSTACK$$Limit           0x20008008         --   Gb  - Linker created -
Region$$Table$$Base     0x0000012c         --   Gb  - Linker created -
Region$$Table$$Limit    0x0000013c         --   Gb  - Linker created -
__cmain                 0x00000141        Code  Gb  cmain.o [5]
__exit                  0x00000171  0x14  Code  Gb  exit.o [6]
__iar_data_init3        0x000000e1  0x28  Code  Gb  data_init.o [5]
__iar_init_vfp          0x00000109        Code  Gb  fpinit_M.o [4]
__iar_program_start     0x00000185        Code  Gb  cstartup_M.o [5]
__iar_systems$$module {Abs}
                        0x00000001        Data  Gb  command line/config [2]
__iar_zero_init3        0x000000a1  0x40  Code  Gb  zero_init3.o [5]
__low_level_init        0x0000015b   0x4  Code  Gb  low_level_init.o [3]
__vector_table          0x00000000        Data  Gb  vector_table_M.o [5]
_call_main              0x0000014d        Code  Gb  cmain.o [5]
_exit                   0x00000165        Code  Gb  cexit.o [5]
_main                   0x00000157        Code  Gb  cmain.o [5]
exit                    0x0000015f   0x4  Code  Gb  exit.o [3]
i                       0x20000000   0x4  Data  Gb  main.o [1]
j                       0x20000004   0x4  Data  Gb  main.o [1]
main                    0x00000041  0x60  Code  Gb  main.o [1]


[1] = C:\CSE 474\tutorial\Debug\Obj
[2] = command line
[3] = dl7M_tln.a
[4] = m7M_tls.a
[5] = rt7M_tl.a
[6] = shb_l.a

     382 bytes of readonly  code memory
      18 bytes of readonly  data memory
  32 776 bytes of readwrite data memory

Errors: none
Warnings: none
