###############################################################################
#
# IAR ELF Linker V8.11.3.13950/W32 for ARM                04/Nov/2020  09:34:24
# Copyright 2007-2017 IAR Systems AB.
#
#    Output file  =  C:\Course\CSE 474\lab2\task1_b\Debug\Exe\task1_b.out
#    Map file     =  C:\Course\CSE 474\lab2\task1_b\Debug\List\task1_b.map
#    Command line =  
#        -f C:\Users\rocky\AppData\Local\Temp\EWA984.tmp ("C:\Course\CSE
#        474\lab2\task1_b\Debug\Obj\main_task1_b.o" -o "C:\Course\CSE
#        474\lab2\task1_b\Debug\Exe\task1_b.out" --map "C:\Course\CSE
#        474\lab2\task1_b\Debug\List\task1_b.map" --config "C:\Program Files
#        (x86)\IAR Systems\Embedded Workbench
#        8.0\arm\config\linker\TexasInstruments\TM4C1294NC.icf" --semihosting
#        --entry __iar_program_start --vfe --text_out locale)
#
###############################################################################

*******************************************************************************
*** RUNTIME MODEL ATTRIBUTES
***

CppFlavor       = *
__SystemLibrary = DLib
__dlib_version  = 6


*******************************************************************************
*** HEAP SELECTION
***

The basic heap was selected because some modules are built with
size limitations (and not runtime checking), and --advanced_heap
was not specified.


*******************************************************************************
*** PLACEMENT SUMMARY
***

"A0":  place at 0x00000000 { ro section .intvec };
"P1":  place in [from 0x00000000 to 0x000fffff] { ro };
define block CSTACK with size = 32K, alignment = 8 { };
define block HEAP with size = 64K, alignment = 8 { };
"P2":  place in [from 0x20000000 to 0x2003ffff] {
          rw, block CSTACK, block HEAP };

  Section          Kind        Address    Size  Object
  -------          ----        -------    ----  ------
"A0":                                     0x40
  .intvec          ro code  0x00000000    0x40  vector_table_M.o [5]
                          - 0x00000040    0x40

"P1":                                    0x54c
  .text            ro code  0x00000040   0x45c  main_task1_b.o [1]
  .text            ro code  0x0000049c    0x40  zero_init3.o [5]
  .text            ro code  0x000004dc    0x28  data_init.o [5]
  .text            ro code  0x00000504    0x22  fpinit_M.o [4]
  .iar.init_table  const    0x00000528    0x10  - Linker created -
  .text            ro code  0x00000538     0x2  vector_table_M.o [5]
  .text            ro code  0x0000053c    0x1a  cmain.o [5]
  .text            ro code  0x00000556     0x4  low_level_init.o [3]
  .text            ro code  0x0000055a     0x4  exit.o [3]
  .text            ro code  0x00000560     0xa  cexit.o [5]
  .text            ro code  0x0000056c    0x14  exit.o [6]
  .text            ro code  0x00000580     0xc  cstartup_M.o [5]
  .rodata          const    0x0000058c     0x0  zero_init3.o [5]
                          - 0x0000058c   0x54c

"P2", part 1 of 2:                         0x4
  .bss             zero     0x20000000     0x1  main_task1_b.o [1]
                          - 0x20000001     0x1

"P2", part 2 of 2:                      0x8000
  CSTACK                    0x20000008  0x8000  <Block>
    CSTACK         uninit   0x20000008  0x8000  <Block tail>
                          - 0x20008008  0x8000


*******************************************************************************
*** INIT TABLE
***

          Address     Size
          -------     ----
Zero (__iar_zero_init3)
    1 destination range, total size 0x1:
          0x20000000   0x1



*******************************************************************************
*** MODULE SUMMARY
***

    Module            ro code  ro data  rw data
    ------            -------  -------  -------
C:\Course\CSE 474\lab2\task1_b\Debug\Obj: [1]
    main_task1_b.o      1 116                 1
    -------------------------------------------
    Total:              1 116                 1

command line: [2]
    -------------------------------------------
    Total:

dl7M_tlf.a: [3]
    exit.o                  4
    low_level_init.o        4
    -------------------------------------------
    Total:                  8

m7M_tls.a: [4]
    fpinit_M.o             34
    -------------------------------------------
    Total:                 34

rt7M_tl.a: [5]
    cexit.o                10
    cmain.o                26
    cstartup_M.o           12
    data_init.o            40
    vector_table_M.o       66
    zero_init3.o           64
    -------------------------------------------
    Total:                218

shb_l.a: [6]
    exit.o                 20
    -------------------------------------------
    Total:                 20

    Gaps                    6        2
    Linker created                  16   32 768
-----------------------------------------------
    Grand Total:        1 402       18   32 769


*******************************************************************************
*** ENTRY LIST
***

Entry                      Address   Size  Type      Object
-----                      -------   ----  ----      ------
.iar.init_table$$Base   0x00000528          --   Gb  - Linker created -
.iar.init_table$$Limit  0x00000538          --   Gb  - Linker created -
?main                   0x0000053d         Code  Gb  cmain.o [5]
CSTACK$$Base            0x20000008          --   Gb  - Linker created -
CSTACK$$Limit           0x20008008          --   Gb  - Linker created -
ExternSwitchInit        0x0000008f   0x42  Code  Gb  main_task1_b.o [1]
GreenOff                0x00000273    0xe  Code  Gb  main_task1_b.o [1]
GreenOn                 0x00000265    0xe  Code  Gb  main_task1_b.o [1]
LEDInit                 0x000000d1   0x52  Code  Gb  main_task1_b.o [1]
LightState              0x20000000    0x1  Data  Gb  main_task1_b.o [1]
PedSwitchPressed        0x0000021f   0x46  Code  Gb  main_task1_b.o [1]
RedOff                  0x0000028f    0xe  Code  Gb  main_task1_b.o [1]
RedOn                   0x00000281    0xe  Code  Gb  main_task1_b.o [1]
Region$$Table$$Base     0x00000528          --   Gb  - Linker created -
Region$$Table$$Limit    0x00000538          --   Gb  - Linker created -
SetupGPIO               0x00000059   0x36  Code  Gb  main_task1_b.o [1]
SetupTimer              0x00000123   0xb6  Code  Gb  main_task1_b.o [1]
SysOff                  0x000002b9   0x10  Code  Gb  main_task1_b.o [1]
SysSwitchPressed        0x000001d9   0x46  Code  Gb  main_task1_b.o [1]
TickTrafficLight        0x000002c9  0x17a  Code  Gb  main_task1_b.o [1]
YellowOff               0x000002ab    0xe  Code  Gb  main_task1_b.o [1]
YellowOn                0x0000029d    0xe  Code  Gb  main_task1_b.o [1]
__cmain                 0x0000053d         Code  Gb  cmain.o [5]
__exit                  0x0000056d   0x14  Code  Gb  exit.o [6]
__iar_data_init3        0x000004dd   0x28  Code  Gb  data_init.o [5]
__iar_init_vfp          0x00000505         Code  Gb  fpinit_M.o [4]
__iar_program_start     0x00000581         Code  Gb  cstartup_M.o [5]
__iar_systems$$module {Abs}
                        0x00000001         Data  Gb  command line/config [2]
__iar_zero_init3        0x0000049d   0x40  Code  Gb  zero_init3.o [5]
__low_level_init        0x00000557    0x4  Code  Gb  low_level_init.o [3]
__vector_table          0x00000000         Data  Gb  vector_table_M.o [5]
_call_main              0x00000549         Code  Gb  cmain.o [5]
_exit                   0x00000561         Code  Gb  cexit.o [5]
_main                   0x00000553         Code  Gb  cmain.o [5]
exit                    0x0000055b    0x4  Code  Gb  exit.o [3]
main                    0x00000041   0x18  Code  Gb  main_task1_b.o [1]


[1] = C:\Course\CSE 474\lab2\task1_b\Debug\Obj
[2] = command line
[3] = dl7M_tlf.a
[4] = m7M_tls.a
[5] = rt7M_tl.a
[6] = shb_l.a

   1 402 bytes of readonly  code memory
      18 bytes of readonly  data memory
  32 769 bytes of readwrite data memory

Errors: none
Warnings: none
