###############################################################################
#
# IAR ELF Linker V8.11.3.13950/W32 for ARM                22/Oct/2020  17:49:33
# Copyright 2007-2017 IAR Systems AB.
#
#    Output file  =  C:\Course\CSE 474\lab1\Fellow\Debug\Exe\chou.out
#    Map file     =  C:\Course\CSE 474\lab1\Fellow\Debug\List\chou.map
#    Command line =  
#        -f C:\Users\rocky\AppData\Local\Temp\EWFFA4.tmp ("C:\Course\CSE
#        474\lab1\Fellow\Debug\Obj\main.o" -o "C:\Course\CSE
#        474\lab1\Fellow\Debug\Exe\chou.out" --map "C:\Course\CSE
#        474\lab1\Fellow\Debug\List\chou.map" --config "C:\Program Files
#        (x86)\IAR Systems\Embedded Workbench
#        8.0\arm\config\linker\TexasInstruments\TM4C1294NC.icf" --semihosting
#        --entry __iar_program_start --vfe --text_out locale)
#
###############################################################################

*******************************************************************************
*** RUNTIME MODEL ATTRIBUTES
***

CppFlavor       = *
__SystemLibrary = DLib
__dlib_version  = 6


*******************************************************************************
*** HEAP SELECTION
***

The basic heap was selected because some modules are built with
size limitations (and not runtime checking), and --advanced_heap
was not specified.


*******************************************************************************
*** PLACEMENT SUMMARY
***

"A0":  place at 0x00000000 { ro section .intvec };
"P1":  place in [from 0x00000000 to 0x000fffff] { ro };
define block CSTACK with size = 32K, alignment = 8 { };
define block HEAP with size = 64K, alignment = 8 { };
"P2":  place in [from 0x20000000 to 0x2003ffff] {
          rw, block CSTACK, block HEAP };

  Section          Kind        Address    Size  Object
  -------          ----        -------    ----  ------
"A0":                                     0x40
  .intvec          ro code  0x00000000    0x40  vector_table_M.o [5]
                          - 0x00000040    0x40

"P1":                                    0x394
  .text            ro code  0x00000040   0x2a4  main.o [1]
  .text            ro code  0x000002e4    0x40  zero_init3.o [5]
  .text            ro code  0x00000324    0x28  data_init.o [5]
  .text            ro code  0x0000034c    0x22  fpinit_M.o [4]
  .iar.init_table  const    0x00000370    0x10  - Linker created -
  .text            ro code  0x00000380     0x2  vector_table_M.o [5]
  .text            ro code  0x00000384    0x1a  cmain.o [5]
  .text            ro code  0x0000039e     0x4  low_level_init.o [3]
  .text            ro code  0x000003a2     0x4  exit.o [3]
  .text            ro code  0x000003a8     0xa  cexit.o [5]
  .text            ro code  0x000003b4    0x14  exit.o [6]
  .text            ro code  0x000003c8     0xc  cstartup_M.o [5]
  .rodata          const    0x000003d4     0x0  zero_init3.o [5]
                          - 0x000003d4   0x394

"P2", part 1 of 2:                         0x4
  .bss             zero     0x20000000     0x1  main.o [1]
  .bss             zero     0x20000001     0x1  main.o [1]
                          - 0x20000002     0x2

"P2", part 2 of 2:                      0x8000
  CSTACK                    0x20000008  0x8000  <Block>
    CSTACK         uninit   0x20000008  0x8000  <Block tail>
                          - 0x20008008  0x8000


*******************************************************************************
*** INIT TABLE
***

          Address     Size
          -------     ----
Zero (__iar_zero_init3)
    1 destination range, total size 0x2:
          0x20000000   0x2



*******************************************************************************
*** MODULE SUMMARY
***

    Module            ro code  ro data  rw data
    ------            -------  -------  -------
C:\Course\CSE 474\lab1\Fellow\Debug\Obj: [1]
    main.o                676                 2
    -------------------------------------------
    Total:                676                 2

command line: [2]
    -------------------------------------------
    Total:

dl7M_tln.a: [3]
    exit.o                  4
    low_level_init.o        4
    -------------------------------------------
    Total:                  8

m7M_tls.a: [4]
    fpinit_M.o             34
    -------------------------------------------
    Total:                 34

rt7M_tl.a: [5]
    cexit.o                10
    cmain.o                26
    cstartup_M.o           12
    data_init.o            40
    vector_table_M.o       66
    zero_init3.o           64
    -------------------------------------------
    Total:                218

shb_l.a: [6]
    exit.o                 20
    -------------------------------------------
    Total:                 20

    Gaps                    6        2
    Linker created                  16   32 768
-----------------------------------------------
    Grand Total:          962       18   32 770


*******************************************************************************
*** ENTRY LIST
***

Entry                      Address  Size  Type      Object
-----                      -------  ----  ----      ------
.iar.init_table$$Base   0x00000370         --   Gb  - Linker created -
.iar.init_table$$Limit  0x00000380         --   Gb  - Linker created -
?main                   0x00000385        Code  Gb  cmain.o [5]
CSTACK$$Base            0x20000008         --   Gb  - Linker created -
CSTACK$$Limit           0x20008008         --   Gb  - Linker created -
LA_State                0x20000001   0x1  Data  Gb  main.o [1]
LED_init                0x00000041  0x60  Code  Gb  main.o [1]
LED_off_pc4             0x000000af   0xe  Code  Gb  main.o [1]
LED_off_pc5             0x000000cb   0xe  Code  Gb  main.o [1]
LED_off_pc6             0x000000e7   0xe  Code  Gb  main.o [1]
LED_on_pc4              0x000000a1   0xe  Code  Gb  main.o [1]
LED_on_pc5              0x000000bd   0xe  Code  Gb  main.o [1]
LED_on_pc6              0x000000d9   0xe  Code  Gb  main.o [1]
Region$$Table$$Base     0x00000370         --   Gb  - Linker created -
Region$$Table$$Limit    0x00000380         --   Gb  - Linker created -
TickFct_Latch           0x00000169  0xfe  Code  Gb  main.o [1]
__cmain                 0x00000385        Code  Gb  cmain.o [5]
__exit                  0x000003b5  0x14  Code  Gb  exit.o [6]
__iar_data_init3        0x00000325  0x28  Code  Gb  data_init.o [5]
__iar_init_vfp          0x0000034d        Code  Gb  fpinit_M.o [4]
__iar_program_start     0x000003c9        Code  Gb  cstartup_M.o [5]
__iar_systems$$module {Abs}
                        0x00000001        Data  Gb  command line/config [2]
__iar_zero_init3        0x000002e5  0x40  Code  Gb  zero_init3.o [5]
__low_level_init        0x0000039f   0x4  Code  Gb  low_level_init.o [3]
__vector_table          0x00000000        Data  Gb  vector_table_M.o [5]
_call_main              0x00000391        Code  Gb  cmain.o [5]
_exit                   0x000003a9        Code  Gb  cexit.o [5]
_main                   0x0000039b        Code  Gb  cmain.o [5]
exit                    0x000003a3   0x4  Code  Gb  exit.o [3]
extern_switch_init      0x000000f5  0x50  Code  Gb  main.o [1]
main                    0x00000267  0x40  Code  Gb  main.o [1]
switch_input_A          0x00000145   0xa  Code  Gb  main.o [1]
switch_input_B          0x0000014f   0xa  Code  Gb  main.o [1]
turn_off_all            0x00000159  0x10  Code  Gb  main.o [1]
x                       0x20000000   0x1  Data  Gb  main.o [1]


[1] = C:\Course\CSE 474\lab1\Fellow\Debug\Obj
[2] = command line
[3] = dl7M_tln.a
[4] = m7M_tls.a
[5] = rt7M_tl.a
[6] = shb_l.a

     962 bytes of readonly  code memory
      18 bytes of readonly  data memory
  32 770 bytes of readwrite data memory

Errors: none
Warnings: none
