###############################################################################
#
# IAR ELF Linker V8.11.3.13950/W32 for ARM                11/Oct/2020  22:38:06
# Copyright 2007-2017 IAR Systems AB.
#
#    Output file  =  C:\CSE 474\lab1\Task1_b\Debug\Exe\task_b.out
#    Map file     =  C:\CSE 474\lab1\Task1_b\Debug\List\task_b.map
#    Command line =  
#        -f C:\Users\STUDEN~1\AppData\Local\Temp\EW7EC4.tmp ("C:\CSE
#        474\lab1\Task1_b\Debug\Obj\main.o" -o "C:\CSE
#        474\lab1\Task1_b\Debug\Exe\task_b.out" --redirect
#        _Printf=_PrintfFullNoMb --redirect _Scanf=_ScanfFullNoMb --map "C:\CSE
#        474\lab1\Task1_b\Debug\List\task_b.map" --config "C:\Program Files
#        (x86)\IAR Systems\Embedded Workbench
#        8.0\arm\config\linker\TexasInstruments\TM4C1294NC.icf" --semihosting
#        --entry __iar_program_start --vfe --text_out locale)
#
###############################################################################

*******************************************************************************
*** RUNTIME MODEL ATTRIBUTES
***

CppFlavor       = *
__SystemLibrary = DLib
__dlib_version  = 6


*******************************************************************************
*** HEAP SELECTION
***

The basic heap was selected because some modules are built with
size limitations (and not runtime checking), and --advanced_heap
was not specified.


*******************************************************************************
*** PLACEMENT SUMMARY
***

"A0":  place at 0x00000000 { ro section .intvec };
"P1":  place in [from 0x00000000 to 0x000fffff] { ro };
define block CSTACK with size = 32K, alignment = 8 { };
define block HEAP with size = 64K, alignment = 8 { };
"P2":  place in [from 0x20000000 to 0x2003ffff] {
          rw, block CSTACK, block HEAP };

  Section   Kind        Address    Size  Object
  -------   ----        -------    ----  ------
"A0":                              0x40
  .intvec   ro code  0x00000000    0x40  vector_table_M.o [5]
                   - 0x00000040    0x40

"P1":                             0x168
  .text     ro code  0x00000040    0xf4  main.o [1]
  .text     ro code  0x00000134    0x22  fpinit_M.o [4]
  .text     ro code  0x00000156     0x2  vector_table_M.o [5]
  .text     ro code  0x00000158    0x1a  cmain.o [5]
  .text     ro code  0x00000172     0x4  low_level_init.o [3]
  .text     ro code  0x00000176     0x4  exit.o [3]
  .text     ro code  0x0000017c     0xa  cexit.o [5]
  .text     ro code  0x00000188    0x14  exit.o [6]
  .text     ro code  0x0000019c     0xc  cstartup_M.o [5]
                   - 0x000001a8   0x168

"P2":                            0x8000
  CSTACK             0x20000000  0x8000  <Block>
    CSTACK  uninit   0x20000000  0x8000  <Block tail>
                   - 0x20008000  0x8000



*******************************************************************************
*** MODULE SUMMARY
***

    Module            ro code  rw data
    ------            -------  -------
C:\CSE 474\lab1\Task1_b\Debug\Obj: [1]
    main.o                244
    ----------------------------------
    Total:                244

command line: [2]
    ----------------------------------
    Total:

dl7M_tln.a: [3]
    exit.o                  4
    low_level_init.o        4
    ----------------------------------
    Total:                  8

m7M_tls.a: [4]
    fpinit_M.o             34
    ----------------------------------
    Total:                 34

rt7M_tl.a: [5]
    cexit.o                10
    cmain.o                26
    cstartup_M.o           12
    vector_table_M.o       66
    ----------------------------------
    Total:                114

shb_l.a: [6]
    exit.o                 20
    ----------------------------------
    Total:                 20

    Gaps                    4
    Linker created              32 768
--------------------------------------
    Grand Total:          424   32 768


*******************************************************************************
*** ENTRY LIST
***

Entry                      Address  Size  Type      Object
-----                      -------  ----  ----      ------
?main                   0x00000159        Code  Gb  cmain.o [5]
CSTACK$$Base            0x20000000         --   Gb  - Linker created -
CSTACK$$Limit           0x20008000         --   Gb  - Linker created -
Region$$Table$$Base     0x00000000         --   Gb  - Linker created -
Region$$Table$$Limit    0x00000000         --   Gb  - Linker created -
SetLEDs                 0x0000008d  0x1a  Code  Gb  main.o [1]
SetSwitches             0x0000006d  0x20  Code  Gb  main.o [1]
SetUp                   0x00000041  0x2c  Code  Gb  main.o [1]
__cmain                 0x00000159        Code  Gb  cmain.o [5]
__exit                  0x00000189  0x14  Code  Gb  exit.o [6]
__iar_init_vfp          0x00000135        Code  Gb  fpinit_M.o [4]
__iar_program_start     0x0000019d        Code  Gb  cstartup_M.o [5]
__iar_systems$$module {Abs}
                        0x00000001        Data  Gb  command line/config [2]
__low_level_init        0x00000173   0x4  Code  Gb  low_level_init.o [3]
__vector_table          0x00000000        Data  Gb  vector_table_M.o [5]
_call_main              0x00000165        Code  Gb  cmain.o [5]
_exit                   0x0000017d        Code  Gb  cexit.o [5]
_main                   0x0000016f        Code  Gb  cmain.o [5]
exit                    0x00000177   0x4  Code  Gb  exit.o [3]
main                    0x000000a7  0x5e  Code  Gb  main.o [1]


[1] = C:\CSE 474\lab1\Task1_b\Debug\Obj
[2] = command line
[3] = dl7M_tln.a
[4] = m7M_tls.a
[5] = rt7M_tl.a
[6] = shb_l.a

     424 bytes of readonly  code memory
  32 768 bytes of readwrite data memory

Errors: none
Warnings: none
