###############################################################################
#
# IAR ELF Linker V8.11.3.13950/W32 for ARM                04/Nov/2020  16:13:35
# Copyright 2007-2017 IAR Systems AB.
#
#    Output file  =  C:\Course\CSE 474\lab2\task2_b\Debug\Exe\task2_b.out
#    Map file     =  C:\Course\CSE 474\lab2\task2_b\Debug\List\task2_b.map
#    Command line =  
#        -f C:\Users\rocky\AppData\Local\Temp\EW2AB4.tmp ("C:\Course\CSE
#        474\lab2\task2_b\Debug\Obj\cstartup_M.o" "C:\Course\CSE
#        474\lab2\task2_b\Debug\Obj\main_task2_b.o" -o "C:\Course\CSE
#        474\lab2\task2_b\Debug\Exe\task2_b.out" --map "C:\Course\CSE
#        474\lab2\task2_b\Debug\List\task2_b.map" --config "C:\Program Files
#        (x86)\IAR Systems\Embedded Workbench
#        8.0\arm\config\linker\TexasInstruments\TM4C1294NC.icf" --semihosting
#        --entry __iar_program_start --vfe --text_out locale)
#
###############################################################################

*******************************************************************************
*** RUNTIME MODEL ATTRIBUTES
***

CppFlavor       = *
__SystemLibrary = DLib
__dlib_version  = 6


*******************************************************************************
*** HEAP SELECTION
***

The basic heap was selected because some modules are built with
size limitations (and not runtime checking), and --advanced_heap
was not specified.


*******************************************************************************
*** PLACEMENT SUMMARY
***

"A0":  place at 0x00000000 { ro section .intvec };
"P1":  place in [from 0x00000000 to 0x000fffff] { ro };
define block CSTACK with size = 32K, alignment = 8 { };
define block HEAP with size = 64K, alignment = 8 { };
"P2":  place in [from 0x20000000 to 0x2003ffff] {
          rw, block CSTACK, block HEAP };

  Section   Kind        Address    Size  Object
  -------   ----        -------    ----  ------
"A0":                             0x110
  .intvec   const    0x00000000   0x110  cstartup_M.o [1]
                   - 0x00000110   0x110

"P1":                             0x280
  .text     ro code  0x00000110   0x1fc  main_task2_b.o [1]
  .text     ro code  0x0000030c    0x22  fpinit_M.o [4]
  .text     ro code  0x0000032e     0x2  cstartup_M.o [1]
  .text     ro code  0x00000330    0x1a  cmain.o [5]
  .text     ro code  0x0000034a     0x4  low_level_init.o [3]
  .text     ro code  0x0000034e     0x4  exit.o [3]
  .text     ro code  0x00000352     0x2  cstartup_M.o [1]
  .text     ro code  0x00000354     0xa  cexit.o [5]
  .text     ro code  0x0000035e     0x2  cstartup_M.o [1]
  .text     ro code  0x00000360    0x14  exit.o [6]
  .text     ro code  0x00000374    0x10  cstartup_M.o [1]
  .text     ro code  0x00000384     0x2  cstartup_M.o [1]
  .text     ro code  0x00000386     0x2  cstartup_M.o [1]
  .text     ro code  0x00000388     0x2  cstartup_M.o [1]
  .text     ro code  0x0000038a     0x2  cstartup_M.o [1]
  .text     ro code  0x0000038c     0x2  cstartup_M.o [1]
  .text     ro code  0x0000038e     0x2  cstartup_M.o [1]
                   - 0x00000390   0x280

"P2":                            0x8000
  CSTACK             0x20000000  0x8000  <Block>
    CSTACK  uninit   0x20000000  0x8000  <Block tail>
                   - 0x20008000  0x8000



*******************************************************************************
*** MODULE SUMMARY
***

    Module            ro code  ro data  rw data
    ------            -------  -------  -------
C:\Course\CSE 474\lab2\task2_b\Debug\Obj: [1]
    cstartup_M.o           34      272
    main_task2_b.o        508
    -------------------------------------------
    Total:                542      272

command line: [2]
    -------------------------------------------
    Total:

dl7M_tlf.a: [3]
    exit.o                  4
    low_level_init.o        4
    -------------------------------------------
    Total:                  8

m7M_tls.a: [4]
    fpinit_M.o             34
    -------------------------------------------
    Total:                 34

rt7M_tl.a: [5]
    cexit.o                10
    cmain.o                26
    -------------------------------------------
    Total:                 36

shb_l.a: [6]
    exit.o                 20
    -------------------------------------------
    Total:                 20

    Linker created                       32 768
-----------------------------------------------
    Grand Total:          640      272   32 768


*******************************************************************************
*** ENTRY LIST
***

Entry                      Address   Size  Type      Object
-----                      -------   ----  ----      ------
?main                   0x00000331         Code  Gb  cmain.o [5]
CSTACK$$Base            0x20000000          --   Gb  - Linker created -
CSTACK$$Limit           0x20008000          --   Gb  - Linker created -
PortJ_Handler           0x00000245   0x5e  Code  Gb  main_task2_b.o [1]
Region$$Table$$Base     0x00000000          --   Gb  - Linker created -
Region$$Table$$Limit    0x00000000          --   Gb  - Linker created -
SetUpGPIO               0x0000011d   0xa0  Code  Gb  main_task2_b.o [1]
SetUpTimer              0x000001bd   0x6e  Code  Gb  main_task2_b.o [1]
Timer0A_Handler         0x0000022b   0x1a  Code  Gb  main_task2_b.o [1]
__cmain                 0x00000331         Code  Gb  cmain.o [5]
__exit                  0x00000361   0x14  Code  Gb  exit.o [6]
__iar_init_vfp          0x0000030d         Code  Gb  fpinit_M.o [4]
__iar_program_start     0x00000375   0x10  Code  Gb  cstartup_M.o [1]
__iar_systems$$module {Abs}
                        0x00000001         Data  Gb  command line/config [2]
__low_level_init        0x0000034b    0x4  Code  Gb  low_level_init.o [3]
__vector_table          0x00000000  0x110  Data  Gb  cstartup_M.o [1]
_call_main              0x0000033d         Code  Gb  cmain.o [5]
_exit                   0x00000355         Code  Gb  cexit.o [5]
_main                   0x00000347         Code  Gb  cmain.o [5]
exit                    0x0000034f    0x4  Code  Gb  exit.o [3]
main                    0x00000111    0xc  Code  Gb  main_task2_b.o [1]


[1] = C:\Course\CSE 474\lab2\task2_b\Debug\Obj
[2] = command line
[3] = dl7M_tlf.a
[4] = m7M_tls.a
[5] = rt7M_tl.a
[6] = shb_l.a

     640 bytes of readonly  code memory
     272 bytes of readonly  data memory
  32 768 bytes of readwrite data memory

Errors: none
Warnings: none
